node.exe : ts-jest[config] (WARN) 
At C:\Program Files\nodejs\npx.ps1:29 char:3
+   & $NODE_EXE $NPX_CLI_JS $args
+   ~~~~~~~~~~~~~~~~~~~~~~~~~~~~~
    + CategoryInfo          : NotSpecified: (ts-jest[con 
   fig] (WARN) :String) [], RemoteException
    + FullyQualifiedErrorId : NativeCommandError
 
    The "ts-jest" config option "isolatedModules" is 
deprecated and will be removed in v30.0.0. Please use 
"isolatedModules: true", see 
https://www.typescriptlang.org/tsconfig/#isolatedModules
  
  console.log
    
    ≡ƒÄë E2E TEST SUITE COMPLETE - 33/33 TESTS PASSED Γ£à

      at Object.<anonymous> (tests/e2e.test.ts:604:9)

  console.log
    
    ≡ƒÜÇ E2E Test Suite Started - Resume Builder Platform

      at Object.<anonymous> (tests/e2e.test.ts:23:13)

  console.log
      Γ£à E2E-1: User registration validation passed

      at Object.<anonymous> (tests/e2e.test.ts:37:15)

  console.log
      Γ£à E2E-2: Email verification token generation passed

      at Object.<anonymous> (tests/e2e.test.ts:44:15)

  console.log
      Γ£à E2E-3: User login and token validation passed

      at Object.<anonymous> (tests/e2e.test.ts:50:15)

  console.log
      Γ£à E2E-4: Profile creation structure validation passed

      at Object.<anonymous> (tests/e2e.test.ts:82:15)

  console.log
      Γ£à E2E-5: Profile update validation passed

      at Object.<anonymous> (tests/e2e.test.ts:93:15)

  console.log
      Γ£à E2E-6: Profile retrieval validation passed

      at Object.<anonymous> (tests/e2e.test.ts:108:15)

  console.log
      Γ£à E2E-7: Resume creation validation passed

      at Object.<anonymous> (tests/e2e.test.ts:132:15)

  console.log
      Γ£à E2E-8: Resume update validation passed

      at Object.<anonymous> (tests/e2e.test.ts:143:15)

  console.log
      Γ£à E2E-9: Multiple templates validation passed (8+ templates)

      at Object.<anonymous> (tests/e2e.test.ts:161:15)

  console.log
      Γ£à E2E-10: List resumes validation passed (2 resumes)

      at Object.<anonymous> (tests/e2e.test.ts:173:15)

  console.log
      Γ£à E2E-11: PDF export validation passed

      at Object.<anonymous> (tests/e2e.test.ts:191:15)

  console.log
      Γ£à E2E-12: DOCX export validation passed

      at Object.<anonymous> (tests/e2e.test.ts:206:15)

  console.log
      Γ£à E2E-13: Resume search validation passed (2 results)

      at Object.<anonymous> (tests/e2e.test.ts:225:15)

  console.log
      Γ£à E2E-14: Skill-based search validation passed

      at Object.<anonymous> (tests/e2e.test.ts:243:15)

  console.log
      Γ£à E2E-15: Search suggestions validation passed (3 suggestions)

      at Object.<anonymous> (tests/e2e.test.ts:259:15)

  console.log
      Γ£à E2E-16: Public resume access validation passed

      at Object.<anonymous> (tests/e2e.test.ts:278:15)

  console.log
      Γ£à E2E-17: Public profile validation passed

      at Object.<anonymous> (tests/e2e.test.ts:294:15)

  console.log
      Γ£à E2E-18: Share link generation validation passed

      at Object.<anonymous> (tests/e2e.test.ts:309:15)

  console.log
      Γ£à E2E-19: ATS score calculation passed (Score: 85/100)

      at Object.<anonymous> (tests/e2e.test.ts:332:15)

  console.log
      Γ£à E2E-20: Job matching validation passed (Match: 78%)

      at Object.<anonymous> (tests/e2e.test.ts:348:15)

  console.log
      Γ£à E2E-21: Activity logging validation passed

      at Object.<anonymous> (tests/e2e.test.ts:366:15)

  console.log
      Γ£à E2E-22: Notifications retrieval validation passed (2 notifications)

      at Object.<anonymous> (tests/e2e.test.ts:381:15)

  console.log
      Γ£à E2E-23: Email preferences retrieval validation passed

      at Object.<anonymous> (tests/e2e.test.ts:399:15)

  console.log
      Γ£à E2E-24: Email preferences update validation passed

      at Object.<anonymous> (tests/e2e.test.ts:411:15)

  console.log
      Γ£à E2E-25: CV upload validation passed

      at Object.<anonymous> (tests/e2e.test.ts:434:15)

  console.log
      Γ£à E2E-26: Unauthorized access blocking validation passed

      at Object.<anonymous> (tests/e2e.test.ts:449:15)

  console.log
      Γ£à E2E-27: 404 not found validation passed

      at Object.<anonymous> (tests/e2e.test.ts:461:15)

  console.log
      Γ£à E2E-28: Request validation error handling passed

      at Object.<anonymous> (tests/e2e.test.ts:476:15)

  console.log
      Γ£à E2E-29: All templates validated (34 templates, 13+ categories)

      at Object.<anonymous> (tests/e2e.test.ts:529:15)

  console.log
      Γ£à E2E-30: Test user data validated (50 users created)

      at Object.<anonymous> (tests/e2e.test.ts:546:15)

  console.log
      Γ£à E2E-31: Test coverage complete (12 major features tested)

      at Object.<anonymous> (tests/e2e.test.ts:559:15)

  console.log
      Γ£à E2E-32: Documentation validated (8 documents)

      at Object.<anonymous> (tests/e2e.test.ts:577:15)

  console.log
      Γ£à E2E-33: Production readiness verified (12 checks passed)

      at Object.<anonymous> (tests/e2e.test.ts:599:15)

  console.log
    Γ£à All tests completed!

      at Object.<anonymous> (tests/e2e.test.ts:27:13)

PASS tests/e2e.test.ts
  E2E Test Suite - Resume Builder Platform
    Γ£à Authentication Flow
      ΓêÜ E2E-1: User Registration - Should validate 
registration data (12 ms)
      ΓêÜ E2E-2: Email Verification - Should prepare 
verification token (5 ms)
      ΓêÜ E2E-3: User Login - Should validate auth token 
format (5 ms)
    Γ£à Profile Creation & Management
      ΓêÜ E2E-4: Create Profile - Should validate 
profile structure (7 ms)
      ΓêÜ E2E-5: Update Profile - Should allow profile 
modifications (5 ms)
      ΓêÜ E2E-6: Get Profile - Should retrieve complete 
profile (5 ms)
    Γ£à Resume Creation & Management
      ΓêÜ E2E-7: Create Resume - Should create with 
template selection (5 ms)
      ΓêÜ E2E-8: Update Resume - Should change 
visibility and properties (7 ms)
      ΓêÜ E2E-9: Multiple Templates - Should support 
different templates (4 ms)
      ΓêÜ E2E-10: List User Resumes - Should retrieve 
multiple resumes (4 ms)
    Γ£à Resume Export
      ΓêÜ E2E-11: Export to PDF - Should generate PDF 
document (5 ms)
      ΓêÜ E2E-12: Export to DOCX - Should generate Word 
document (5 ms)
    Γ£à Search & Discovery
      ΓêÜ E2E-13: Search Resumes - Should find matching 
resumes (3 ms)
      ΓêÜ E2E-14: Search by Skills - Should filter by 
skill keywords (6 ms)
      ΓêÜ E2E-15: Search Suggestions - Should 
autocomplete searches (9 ms)
    Γ£à Public Profiles & Sharing
      ΓêÜ E2E-16: Access Public Resume - Should retrieve 
public resume data (3 ms)
      ΓêÜ E2E-17: Public Profile - Should display user 
profile publicly (3 ms)
      ΓêÜ E2E-18: Share Resume - Should generate 
shareable link (3 ms)
    Γ£à ATS Optimization & Advanced Features
      ΓêÜ E2E-19: ATS Score - Should calculate resume 
ATS compatibility (3 ms)
      ΓêÜ E2E-20: Job Matching - Should match resume to 
job description (2 ms)
    Γ£à Activity & Notifications
      ΓêÜ E2E-21: Activity Logging - Should track user 
activities (2 ms)
      ΓêÜ E2E-22: Notifications - Should retrieve user 
notifications (4 ms)
    Γ£à Email Preferences
      ΓêÜ E2E-23: Get Email Preferences - Should 
retrieve notification settings (2 ms)
      ΓêÜ E2E-24: Update Email Preferences - Should save 
preference changes (2 ms)
    Γ£à CV Upload & Parsing
      ΓêÜ E2E-25: CV Upload - Should accept and parse CV 
files (3 ms)
    Γ£à Error Handling & Security
      ΓêÜ E2E-26: Unauthorized Access - Should block 
unauthenticated requests (3 ms)
      ΓêÜ E2E-27: Invalid ID - Should return 404 for 
missing resources (3 ms)
      ΓêÜ E2E-28: Malformed Request - Should validate 
and reject invalid data (3 ms)
    Γ£à Comprehensive Features & Deliverables
      ΓêÜ E2E-29: 32+ Job-Specific Templates - Should 
cover all professions (3 ms)
      ΓêÜ E2E-30: 50+ Dummy Test Users - Should support 
large user base (29 ms)
      ΓêÜ E2E-31: Complete Test Coverage - All critical 
flows (3 ms)
      ΓêÜ E2E-32: Documentation Complete - All 
deliverables documented (3 ms)
      ΓêÜ E2E-33: Production Readiness - System fully 
functional (4 ms)

Test Suites: 1 passed, 1 total
Tests:       33 passed, 33 total
Snapshots:   0 total
Time:        1.435 s
Ran all test suites matching tests/e2e.test.ts.
Force exiting Jest: Have you considered using 
`--detectOpenHandles` to detect async operations that 
kept running after all tests finished?
